docker : #0 building with "desktop-linux" instance using docker driver
At line:1 char:135
+ ... g -Force }; docker build --progress=plain -t ai-code-review . > build ...
+                 ~~~~~~~~~~~~~~~~~~~~~~~~~~~~~~~~~~~~~~~~~~~~~~~~~~~~~~~~~
    + CategoryInfo          : NotSpecified: (#0 building wit...g docker driver:String) [], RemoteException
    + FullyQualifiedErrorId : NativeCommandError
 

#1 [internal] load build definition from Dockerfile
#1 transferring dockerfile: 187B 0.0s done
#1 DONE 0.1s

#2 [internal] load metadata for docker.io/library/python:3.10
#2 DONE 1.0s

#3 [1/4] FROM docker.io/library/python:3.10@sha256:4aae1d30c11b0317b0631bcadfb5184615a5594ae720396579d5d07bc7863af5
#3 resolve docker.io/library/python:3.10@sha256:4aae1d30c11b0317b0631bcadfb5184615a5594ae720396579d5d07bc7863af5 0.1s 
done
#3 sha256:b3ede04896ffff4059f16015817599be6a3091bc304aaa300def458464b4865c 250B / 250B 0.7s done
#3 sha256:b66b525362b25260cf26acdb8e8b6597c5636eabd74d051aa0eb3e6559143c9f 6.08MB / 6.08MB 2.1s done
#3 sha256:a811f98f773f596dc8c80b4ecb78b8f65847c6e223338fc1ec4f3ca3c53ebfa9 21.15MB / 21.15MB 5.5s done
#3 sha256:f33970743aee750df25f6c661132b7401c8fefe930e5f4803f4c8b6f567a6b55 25.62MB / 25.62MB 3.8s done
#3 sha256:5397da1d1537c4d725f3090c5688a582e14eeaf7743d75d9b38bad1649554987 67.78MB / 67.78MB 11.3s done
#3 sha256:a7730063fcfe708b222d34c4f07d633dfe087a28c05c4daaab2fa9943854c155 49.30MB / 49.30MB 7.3s done
#3 extracting sha256:a7730063fcfe708b222d34c4f07d633dfe087a28c05c4daaab2fa9943854c155 2.0s done
#3 extracting sha256:f33970743aee750df25f6c661132b7401c8fefe930e5f4803f4c8b6f567a6b55 1.0s done
#3 extracting sha256:5397da1d1537c4d725f3090c5688a582e14eeaf7743d75d9b38bad1649554987 3.0s done
#3 sha256:1ecbddc58afba44ec9b55fb51ec8bfdee5112cd31b39b564f5abb4567d094ffc 236.08MB / 236.08MB 19.1s done
#3 extracting sha256:1ecbddc58afba44ec9b55fb51ec8bfdee5112cd31b39b564f5abb4567d094ffc 6.3s done
#3 extracting sha256:b66b525362b25260cf26acdb8e8b6597c5636eabd74d051aa0eb3e6559143c9f 0.3s done
#3 extracting sha256:a811f98f773f596dc8c80b4ecb78b8f65847c6e223338fc1ec4f3ca3c53ebfa9 0.8s done
#3 extracting sha256:b3ede04896ffff4059f16015817599be6a3091bc304aaa300def458464b4865c 0.0s done
#3 DONE 27.0s

#4 [2/4] WORKDIR /app
#4 DONE 0.3s

#5 [internal] load .dockerignore
#5 transferring context: 2B done
#5 DONE 0.1s

#6 [internal] load build context
#6 transferring context: 823.25kB 0.2s done
#6 DONE 0.3s

#7 [3/4] COPY . .
#7 DONE 0.7s

#8 [4/4] RUN pip install -r requirements.txt
#8 5.356 Collecting fastapi
#8 5.620   Downloading fastapi-0.135.3-py3-none-any.whl (117 kB)
#8 5.701      
ΓöüΓöüΓöüΓöüΓöüΓöüΓöüΓöüΓöüΓöüΓöüΓöüΓöüΓöüΓöüΓöüΓöüΓöüΓöüΓöüΓöüΓöüΓöüΓöüΓöüΓöüΓöüΓöüΓöüΓöüΓöüΓöüΓöüΓöüΓöüΓöüΓöüΓöüΓöü 
117.7/117.7 kB 1.7 MB/s eta 0:00:00
#8 5.868 Collecting uvicorn
#8 5.900   Downloading uvicorn-0.44.0-py3-none-any.whl (69 kB)
#8 5.929      ΓöüΓöüΓöüΓöüΓöüΓöüΓöüΓöüΓöüΓöüΓöüΓöüΓöüΓöüΓöüΓöüΓöüΓöüΓöüΓöüΓöüΓöüΓöüΓöüΓöüΓöüΓöüΓöüΓöüΓöüΓöüΓöüΓöüΓöüΓöü
ΓöüΓöüΓöüΓöüΓöü 69.4/69.4 kB 2.7 MB/s eta 0:00:00
#8 6.816 Collecting pydantic
#8 6.854   Downloading pydantic-2.12.5-py3-none-any.whl (463 kB)
#8 6.964      
ΓöüΓöüΓöüΓöüΓöüΓöüΓöüΓöüΓöüΓöüΓöüΓöüΓöüΓöüΓöüΓöüΓöüΓöüΓöüΓöüΓöüΓöüΓöüΓöüΓöüΓöüΓöüΓöüΓöüΓöüΓöüΓöüΓöüΓöüΓöüΓöüΓöüΓöüΓöü 
463.6/463.6 kB 4.4 MB/s eta 0:00:00
#8 7.118 Collecting requests
#8 7.184   Downloading requests-2.33.1-py3-none-any.whl (64 kB)
#8 7.206      ΓöüΓöüΓöüΓöüΓöüΓöüΓöüΓöüΓöüΓöüΓöüΓöüΓöüΓöüΓöüΓöüΓöüΓöüΓöüΓöüΓöüΓöüΓöüΓöüΓöüΓöüΓöüΓöüΓöüΓöüΓöüΓöüΓöüΓöüΓöü
ΓöüΓöüΓöüΓöüΓöü 64.9/64.9 kB 4.5 MB/s eta 0:00:00
#8 7.429 Collecting stable-baselines3[extra]
#8 7.467   Downloading stable_baselines3-2.8.0-py3-none-any.whl (187 kB)
#8 7.526      
ΓöüΓöüΓöüΓöüΓöüΓöüΓöüΓöüΓöüΓöüΓöüΓöüΓöüΓöüΓöüΓöüΓöüΓöüΓöüΓöüΓöüΓöüΓöüΓöüΓöüΓöüΓöüΓöüΓöüΓöüΓöüΓöüΓöüΓöüΓöüΓöüΓöüΓöüΓöü 
187.5/187.5 kB 3.7 MB/s eta 0:00:00
#8 7.721 Collecting annotated-doc>=0.0.2
#8 7.756   Downloading annotated_doc-0.0.4-py3-none-any.whl (5.3 kB)
#8 7.938 Collecting starlette>=0.46.0
#8 7.985   Downloading starlette-1.0.0-py3-none-any.whl (72 kB)
#8 8.011      ΓöüΓöüΓöüΓöüΓöüΓöüΓöüΓöüΓöüΓöüΓöüΓöüΓöüΓöüΓöüΓöüΓöüΓöüΓöüΓöüΓöüΓöüΓöüΓöüΓöüΓöüΓöüΓöüΓöüΓöüΓöüΓöüΓöüΓöüΓöü
ΓöüΓöüΓöüΓöüΓöü 72.7/72.7 kB 3.2 MB/s eta 0:00:00
#8 8.118 Collecting typing-inspection>=0.4.2
#8 8.156   Downloading typing_inspection-0.4.2-py3-none-any.whl (14 kB)
#8 8.273 Collecting typing-extensions>=4.8.0
#8 8.402   Downloading typing_extensions-4.15.0-py3-none-any.whl (44 kB)
#8 8.427      ΓöüΓöüΓöüΓöüΓöüΓöüΓöüΓöüΓöüΓöüΓöüΓöüΓöüΓöüΓöüΓöüΓöüΓöüΓöüΓöüΓöüΓöüΓöüΓöüΓöüΓöüΓöüΓöüΓöüΓöüΓöüΓöüΓöüΓöüΓöü
ΓöüΓöüΓöüΓöüΓöü 44.6/44.6 kB 1.7 MB/s eta 0:00:00
#8 8.523 Collecting h11>=0.8
#8 8.559   Downloading h11-0.16.0-py3-none-any.whl (37 kB)
#8 8.697 Collecting click>=7.0
#8 8.724   Downloading click-8.3.2-py3-none-any.whl (108 kB)
#8 8.750      
ΓöüΓöüΓöüΓöüΓöüΓöüΓöüΓöüΓöüΓöüΓöüΓöüΓöüΓöüΓöüΓöüΓöüΓöüΓöüΓöüΓöüΓöüΓöüΓöüΓöüΓöüΓöüΓöüΓöüΓöüΓöüΓöüΓöüΓöüΓöüΓöüΓöüΓöüΓöü 
108.4/108.4 kB 4.6 MB/s eta 0:00:00
#8 8.880 Collecting annotated-types>=0.6.0
#8 8.925   Downloading annotated_types-0.7.0-py3-none-any.whl (13 kB)
#8 13.08 Collecting pydantic-core==2.41.5
#8 13.11   Downloading pydantic_core-2.41.5-cp310-cp310-manylinux_2_17_x86_64.manylinux2014_x86_64.whl (2.1 MB)
#8 13.54      ΓöüΓöüΓöüΓöüΓöüΓöüΓöüΓöüΓöüΓöüΓöüΓöüΓöüΓöüΓöüΓöüΓöüΓöüΓöüΓöüΓöüΓöüΓöüΓöüΓöüΓöüΓöüΓöüΓöüΓöüΓöüΓöüΓöüΓöüΓöü
ΓöüΓöüΓöüΓöüΓöü 2.1/2.1 MB 5.0 MB/s eta 0:00:00
#8 13.65 Collecting idna<4,>=2.5
#8 13.69   Downloading idna-3.11-py3-none-any.whl (71 kB)
#8 13.71      ΓöüΓöüΓöüΓöüΓöüΓöüΓöüΓöüΓöüΓöüΓöüΓöüΓöüΓöüΓöüΓöüΓöüΓöüΓöüΓöüΓöüΓöüΓöüΓöüΓöüΓöüΓöüΓöüΓöüΓöüΓöüΓöüΓöüΓöüΓöü
ΓöüΓöüΓöüΓöüΓöü 71.0/71.0 kB 3.7 MB/s eta 0:00:00
#8 13.83 Collecting certifi>=2023.5.7
#8 13.87   Downloading certifi-2026.2.25-py3-none-any.whl (153 kB)
#8 13.91      
ΓöüΓöüΓöüΓöüΓöüΓöüΓöüΓöüΓöüΓöüΓöüΓöüΓöüΓöüΓöüΓöüΓöüΓöüΓöüΓöüΓöüΓöüΓöüΓöüΓöüΓöüΓöüΓöüΓöüΓöüΓöüΓöüΓöüΓöüΓöüΓöüΓöüΓöüΓöü 
153.7/153.7 kB 3.5 MB/s eta 0:00:00
#8 14.56 Collecting charset_normalizer<4,>=2
#8 14.62   Downloading 
charset_normalizer-3.4.7-cp310-cp310-manylinux2014_x86_64.manylinux_2_17_x86_64.manylinux_2_28_x86_64.whl (216 kB)
#8 14.71      
ΓöüΓöüΓöüΓöüΓöüΓöüΓöüΓöüΓöüΓöüΓöüΓöüΓöüΓöüΓöüΓöüΓöüΓöüΓöüΓöüΓöüΓöüΓöüΓöüΓöüΓöüΓöüΓöüΓöüΓöüΓöüΓöüΓöüΓöüΓöüΓöüΓöüΓöüΓöü 
216.9/216.9 kB 2.6 MB/s eta 0:00:00
#8 14.94 Collecting urllib3<3,>=1.26
#8 14.97   Downloading urllib3-2.6.3-py3-none-any.whl (131 kB)
#8 15.02      
ΓöüΓöüΓöüΓöüΓöüΓöüΓöüΓöüΓöüΓöüΓöüΓöüΓöüΓöüΓöüΓöüΓöüΓöüΓöüΓöüΓöüΓöüΓöüΓöüΓöüΓöüΓöüΓöüΓöüΓöüΓöüΓöüΓöüΓöüΓöüΓöüΓöüΓöüΓöü 
131.6/131.6 kB 3.6 MB/s eta 0:00:00
#8 16.40 Collecting numpy<3.0,>=1.20
#8 16.46   Downloading numpy-2.2.6-cp310-cp310-manylinux_2_17_x86_64.manylinux2014_x86_64.whl (16.8 MB)
#8 19.24      ΓöüΓöüΓöüΓöüΓöüΓöüΓöüΓöüΓöüΓöüΓöüΓöüΓöüΓöüΓöüΓöüΓöüΓöüΓöüΓöüΓöüΓöüΓöüΓöüΓöüΓöüΓöüΓöüΓöüΓöüΓöüΓöüΓöüΓöüΓöü
ΓöüΓöüΓöüΓöüΓöü 16.8/16.8 MB 5.1 MB/s eta 0:00:00
#8 20.00 Collecting matplotlib
#8 20.04   Downloading matplotlib-3.10.8-cp310-cp310-manylinux2014_x86_64.manylinux_2_17_x86_64.whl (8.7 MB)
#8 21.56      ΓöüΓöüΓöüΓöüΓöüΓöüΓöüΓöüΓöüΓöüΓöüΓöüΓöüΓöüΓöüΓöüΓöüΓöüΓöüΓöüΓöüΓöüΓöüΓöüΓöüΓöüΓöüΓöüΓöüΓöüΓöüΓöüΓöüΓöüΓöü
ΓöüΓöüΓöüΓöüΓöü 8.7/8.7 MB 5.7 MB/s eta 0:00:00
#8 21.68 Collecting gymnasium<1.3.0,>=0.29.1
#8 21.71   Downloading gymnasium-1.2.3-py3-none-any.whl (952 kB)
#8 21.96      
ΓöüΓöüΓöüΓöüΓöüΓöüΓöüΓöüΓöüΓöüΓöüΓöüΓöüΓöüΓöüΓöüΓöüΓöüΓöüΓöüΓöüΓöüΓöüΓöüΓöüΓöüΓöüΓöüΓöüΓöüΓöüΓöüΓöüΓöüΓöüΓöüΓöüΓöüΓöü 
952.1/952.1 kB 3.9 MB/s eta 0:00:00
#8 22.04 Collecting cloudpickle
#8 22.07   Downloading cloudpickle-3.1.2-py3-none-any.whl (22 kB)
#8 22.72 Collecting pandas
#8 22.79   Downloading pandas-2.3.3-cp310-cp310-manylinux_2_24_x86_64.manylinux_2_28_x86_64.whl (12.8 MB)
#8 25.28      ΓöüΓöüΓöüΓöüΓöüΓöüΓöüΓöüΓöüΓöüΓöüΓöüΓöüΓöüΓöüΓöüΓöüΓöüΓöüΓöüΓöüΓöüΓöüΓöüΓöüΓöüΓöüΓöüΓöüΓöüΓöüΓöüΓöüΓöüΓöü
ΓöüΓöüΓöüΓöüΓöü 12.8/12.8 MB 5.2 MB/s eta 0:00:00
#8 25.59 Collecting torch<3.0,>=2.3
#8 25.67   Downloading torch-2.11.0-cp310-cp310-manylinux_2_28_x86_64.whl (530.6 MB)
#8 122.8      
ΓöüΓöüΓöüΓöüΓöüΓöüΓöüΓöüΓöüΓöüΓöüΓöüΓöüΓöüΓöüΓöüΓöüΓöüΓöüΓöüΓöüΓöüΓöüΓöüΓöüΓöüΓöüΓöüΓöüΓöüΓöüΓöüΓöüΓöüΓöüΓöüΓöüΓöüΓöü 
530.6/530.6 MB 2.1 MB/s eta 0:00:00
#8 126.2 Collecting pillow
#8 126.3   Downloading pillow-12.2.0-cp310-cp310-manylinux_2_27_x86_64.manylinux_2_28_x86_64.whl (7.1 MB)
#8 127.4      ΓöüΓöüΓöüΓöüΓöüΓöüΓöüΓöüΓöüΓöüΓöüΓöüΓöüΓöüΓöüΓöüΓöüΓöüΓöüΓöüΓöüΓöüΓöüΓöüΓöüΓöüΓöüΓöüΓöüΓöüΓöüΓöüΓöüΓöüΓöü
ΓöüΓöüΓöüΓöüΓöü 7.1/7.1 MB 6.6 MB/s eta 0:00:00
#8 127.6 Collecting tensorboard>=2.9.1
#8 127.6   Downloading tensorboard-2.20.0-py3-none-any.whl (5.5 MB)
#8 128.6      ΓöüΓöüΓöüΓöüΓöüΓöüΓöüΓöüΓöüΓöüΓöüΓöüΓöüΓöüΓöüΓöüΓöüΓöüΓöüΓöüΓöüΓöüΓöüΓöüΓöüΓöüΓöüΓöüΓöüΓöüΓöüΓöüΓöüΓöüΓöü
ΓöüΓöüΓöüΓöüΓöü 5.5/5.5 MB 5.9 MB/s eta 0:00:00
#8 128.8 Collecting ale-py>=0.9.0
#8 128.8   Downloading ale_py-0.11.2-cp310-cp310-manylinux2014_x86_64.manylinux_2_17_x86_64.whl (5.1 MB)
#8 129.6      ΓöüΓöüΓöüΓöüΓöüΓöüΓöüΓöüΓöüΓöüΓöüΓöüΓöüΓöüΓöüΓöüΓöüΓöüΓöüΓöüΓöüΓöüΓöüΓöüΓöüΓöüΓöüΓöüΓöüΓöüΓöüΓöüΓöüΓöüΓöü
ΓöüΓöüΓöüΓöüΓöü 5.1/5.1 MB 6.1 MB/s eta 0:00:00
#8 130.3 Collecting pygame-ce
#8 130.3   Downloading pygame_ce-2.5.7-cp310-cp310-manylinux2014_x86_64.manylinux_2_17_x86_64.whl (12.8 MB)
#8 132.0      ΓöüΓöüΓöüΓöüΓöüΓöüΓöüΓöüΓöüΓöüΓöüΓöüΓöüΓöüΓöüΓöüΓöüΓöüΓöüΓöüΓöüΓöüΓöüΓöüΓöüΓöüΓöüΓöüΓöüΓöüΓöüΓöüΓöüΓöüΓöü
ΓöüΓöüΓöüΓöüΓöü 12.8/12.8 MB 7.5 MB/s eta 0:00:00
#8 132.3 Collecting rich
#8 132.4   Downloading rich-14.3.3-py3-none-any.whl (310 kB)
#8 132.5      
ΓöüΓöüΓöüΓöüΓöüΓöüΓöüΓöüΓöüΓöüΓöüΓöüΓöüΓöüΓöüΓöüΓöüΓöüΓöüΓöüΓöüΓöüΓöüΓöüΓöüΓöüΓöüΓöüΓöüΓöüΓöüΓöüΓöüΓöüΓöüΓöüΓöüΓöüΓöü 
310.5/310.5 kB 3.6 MB/s eta 0:00:00
#8 133.0 Collecting opencv-python
#8 133.1   Downloading opencv_python-4.13.0.92-cp37-abi3-manylinux_2_28_x86_64.whl (72.9 MB)
#8 143.4      ΓöüΓöüΓöüΓöüΓöüΓöüΓöüΓöüΓöüΓöüΓöüΓöüΓöüΓöüΓöüΓöüΓöüΓöüΓöüΓöüΓöüΓöüΓöüΓöüΓöüΓöüΓöüΓöüΓöüΓöüΓöüΓöüΓöüΓöüΓöü
ΓöüΓöüΓöüΓöüΓöü 72.9/72.9 MB 5.3 MB/s eta 0:00:00
#8 143.8 Collecting tqdm
#8 143.9   Downloading tqdm-4.67.3-py3-none-any.whl (78 kB)
#8 143.9      ΓöüΓöüΓöüΓöüΓöüΓöüΓöüΓöüΓöüΓöüΓöüΓöüΓöüΓöüΓöüΓöüΓöüΓöüΓöüΓöüΓöüΓöüΓöüΓöüΓöüΓöüΓöüΓöüΓöüΓöüΓöüΓöüΓöüΓöüΓöü
ΓöüΓöüΓöüΓöüΓöü 78.4/78.4 kB 3.5 MB/s eta 0:00:00
#8 144.4 Collecting psutil
#8 144.5   Downloading psutil-7.2.2-cp36-abi3-manylinux2010_x86_64.manylinux_2_12_x86_64.manylinux_2_28_x86_64.whl 
(155 kB)
#8 144.5      
ΓöüΓöüΓöüΓöüΓöüΓöüΓöüΓöüΓöüΓöüΓöüΓöüΓöüΓöüΓöüΓöüΓöüΓöüΓöüΓöüΓöüΓöüΓöüΓöüΓöüΓöüΓöüΓöüΓöüΓöüΓöüΓöüΓöüΓöüΓöüΓöüΓöüΓöüΓöü 
155.6/155.6 kB 3.7 MB/s eta 0:00:00
#8 144.8 Collecting farama-notifications>=0.0.1
#8 144.9   Downloading Farama_Notifications-0.0.4-py3-none-any.whl (2.5 kB)
#8 145.2 Collecting anyio<5,>=3.6.2
#8 145.3   Downloading anyio-4.13.0-py3-none-any.whl (114 kB)
#8 145.3      
ΓöüΓöüΓöüΓöüΓöüΓöüΓöüΓöüΓöüΓöüΓöüΓöüΓöüΓöüΓöüΓöüΓöüΓöüΓöüΓöüΓöüΓöüΓöüΓöüΓöüΓöüΓöüΓöüΓöüΓöüΓöüΓöüΓöüΓöüΓöüΓöüΓöüΓöüΓöü 
114.4/114.4 kB 3.7 MB/s eta 0:00:00
#8 145.4 Collecting markdown>=2.6.8
#8 145.5   Downloading markdown-3.10.2-py3-none-any.whl (108 kB)
#8 145.5      
ΓöüΓöüΓöüΓöüΓöüΓöüΓöüΓöüΓöüΓöüΓöüΓöüΓöüΓöüΓöüΓöüΓöüΓöüΓöüΓöüΓöüΓöüΓöüΓöüΓöüΓöüΓöüΓöüΓöüΓöüΓöüΓöüΓöüΓöüΓöüΓöüΓöüΓöüΓöü 
108.2/108.2 kB 1.7 MB/s eta 0:00:00
#8 145.7 Collecting werkzeug>=1.0.1
#8 145.7   Downloading werkzeug-3.1.8-py3-none-any.whl (226 kB)
#8 145.8      
ΓöüΓöüΓöüΓöüΓöüΓöüΓöüΓöüΓöüΓöüΓöüΓöüΓöüΓöüΓöüΓöüΓöüΓöüΓöüΓöüΓöüΓöüΓöüΓöüΓöüΓöüΓöüΓöüΓöüΓöüΓöüΓöüΓöüΓöüΓöüΓöüΓöüΓöüΓöü 
226.5/226.5 kB 5.0 MB/s eta 0:00:00
#8 145.9 Collecting tensorboard-data-server<0.8.0,>=0.7.0
#8 145.9   Downloading tensorboard_data_server-0.7.2-py3-none-manylinux_2_31_x86_64.whl (6.6 MB)
#8 147.1      ΓöüΓöüΓöüΓöüΓöüΓöüΓöüΓöüΓöüΓöüΓöüΓöüΓöüΓöüΓöüΓöüΓöüΓöüΓöüΓöüΓöüΓöüΓöüΓöüΓöüΓöüΓöüΓöüΓöüΓöüΓöüΓöüΓöüΓöüΓöü
ΓöüΓöüΓöüΓöüΓöü 6.6/6.6 MB 5.5 MB/s eta 0:00:00
#8 148.1 Collecting protobuf!=4.24.0,>=3.19.6
#8 148.2   Downloading protobuf-7.34.1-cp310-abi3-manylinux2014_x86_64.whl (324 kB)
#8 148.2      
ΓöüΓöüΓöüΓöüΓöüΓöüΓöüΓöüΓöüΓöüΓöüΓöüΓöüΓöüΓöüΓöüΓöüΓöüΓöüΓöüΓöüΓöüΓöüΓöüΓöüΓöüΓöüΓöüΓöüΓöüΓöüΓöüΓöüΓöüΓöüΓöüΓöüΓöüΓöü 
324.3/324.3 kB 7.2 MB/s eta 0:00:00
#8 148.2 Requirement already satisfied: setuptools>=41.0.0 in /usr/local/lib/python3.10/site-packages (from 
tensorboard>=2.9.1->stable-baselines3[extra]->-r requirements.txt (line 5)) (79.0.1)
#8 148.3 Collecting packaging
#8 148.4   Downloading packaging-26.0-py3-none-any.whl (74 kB)
#8 148.4      ΓöüΓöüΓöüΓöüΓöüΓöüΓöüΓöüΓöüΓöüΓöüΓöüΓöüΓöüΓöüΓöüΓöüΓöüΓöüΓöüΓöüΓöüΓöüΓöüΓöüΓöüΓöüΓöüΓöüΓöüΓöüΓöüΓöüΓöüΓöü
ΓöüΓöüΓöüΓöüΓöü 74.4/74.4 kB 4.3 MB/s eta 0:00:00
#8 151.8 Collecting grpcio>=1.48.2
#8 151.8   Downloading grpcio-1.80.0-cp310-cp310-manylinux2014_x86_64.manylinux_2_17_x86_64.whl (6.8 MB)
#8 152.9      ΓöüΓöüΓöüΓöüΓöüΓöüΓöüΓöüΓöüΓöüΓöüΓöüΓöüΓöüΓöüΓöüΓöüΓöüΓöüΓöüΓöüΓöüΓöüΓöüΓöüΓöüΓöüΓöüΓöüΓöüΓöüΓöüΓöüΓöüΓöü
ΓöüΓöüΓöüΓöüΓöü 6.8/6.8 MB 6.0 MB/s eta 0:00:00
#8 153.1 Collecting absl-py>=0.4
#8 153.1   Downloading absl_py-2.4.0-py3-none-any.whl (135 kB)
#8 153.1      
ΓöüΓöüΓöüΓöüΓöüΓöüΓöüΓöüΓöüΓöüΓöüΓöüΓöüΓöüΓöüΓöüΓöüΓöüΓöüΓöüΓöüΓöüΓöüΓöüΓöüΓöüΓöüΓöüΓöüΓöüΓöüΓöüΓöüΓöüΓöüΓöüΓöüΓöüΓöü 
135.8/135.8 kB 4.0 MB/s eta 0:00:00
#8 153.3 Collecting sympy>=1.13.3
#8 153.4   Downloading sympy-1.14.0-py3-none-any.whl (6.3 MB)
#8 154.5      ΓöüΓöüΓöüΓöüΓöüΓöüΓöüΓöüΓöüΓöüΓöüΓöüΓöüΓöüΓöüΓöüΓöüΓöüΓöüΓöüΓöüΓöüΓöüΓöüΓöüΓöüΓöüΓöüΓöüΓöüΓöüΓöüΓöüΓöüΓöü
ΓöüΓöüΓöüΓöüΓöü 6.3/6.3 MB 5.8 MB/s eta 0:00:00
#8 154.6 Collecting jinja2
#8 154.6   Downloading jinja2-3.1.6-py3-none-any.whl (134 kB)
#8 154.7      
ΓöüΓöüΓöüΓöüΓöüΓöüΓöüΓöüΓöüΓöüΓöüΓöüΓöüΓöüΓöüΓöüΓöüΓöüΓöüΓöüΓöüΓöüΓöüΓöüΓöüΓöüΓöüΓöüΓöüΓöüΓöüΓöüΓöüΓöüΓöüΓöüΓöüΓöüΓöü 
134.9/134.9 kB 3.2 MB/s eta 0:00:00
#8 154.9 Collecting fsspec>=0.8.5
#8 154.9   Downloading fsspec-2026.3.0-py3-none-any.whl (202 kB)
#8 155.0      
ΓöüΓöüΓöüΓöüΓöüΓöüΓöüΓöüΓöüΓöüΓöüΓöüΓöüΓöüΓöüΓöüΓöüΓöüΓöüΓöüΓöüΓöüΓöüΓöüΓöüΓöüΓöüΓöüΓöüΓöüΓöüΓöüΓöüΓöüΓöüΓöüΓöüΓöüΓöü 
202.6/202.6 kB 3.5 MB/s eta 0:00:00
#8 155.1 Collecting nvidia-cudnn-cu13==9.19.0.56
#8 155.2   Downloading nvidia_cudnn_cu13-9.19.0.56-py3-none-manylinux_2_27_x86_64.whl (366.1 MB)
#8 215.9      
ΓöüΓöüΓöüΓöüΓöüΓöüΓöüΓöüΓöüΓöüΓöüΓöüΓöüΓöüΓöüΓöüΓöüΓöüΓöüΓöüΓöüΓöüΓöüΓöüΓöüΓöüΓöüΓöüΓöüΓöüΓöüΓöüΓöüΓöüΓöüΓöüΓöüΓöüΓöü 
366.1/366.1 MB 2.3 MB/s eta 0:00:00
#8 218.0 Collecting triton==3.6.0
#8 218.1   Downloading triton-3.6.0-cp310-cp310-manylinux_2_27_x86_64.manylinux_2_28_x86_64.whl (188.1 MB)
#8 250.7      
ΓöüΓöüΓöüΓöüΓöüΓöüΓöüΓöüΓöüΓöüΓöüΓöüΓöüΓöüΓöüΓöüΓöüΓöüΓöüΓöüΓöüΓöüΓöüΓöüΓöüΓöüΓöüΓöüΓöüΓöüΓöüΓöüΓöüΓöüΓöüΓöüΓöüΓöüΓöü 
188.1/188.1 MB 4.9 MB/s eta 0:00:00
#8 251.3 Collecting cuda-bindings<14,>=13.0.3
#8 251.3   Downloading cuda_bindings-13.2.0-cp310-cp310-manylinux_2_24_x86_64.manylinux_2_28_x86_64.whl (6.3 MB)
#8 252.3      ΓöüΓöüΓöüΓöüΓöüΓöüΓöüΓöüΓöüΓöüΓöüΓöüΓöüΓöüΓöüΓöüΓöüΓöüΓöüΓöüΓöüΓöüΓöüΓöüΓöüΓöüΓöüΓöüΓöüΓöüΓöüΓöüΓöüΓöüΓöü
ΓöüΓöüΓöüΓöüΓöü 6.3/6.3 MB 6.4 MB/s eta 0:00:00
#8 252.4 Collecting nvidia-nccl-cu13==2.28.9
#8 252.5   Downloading nvidia_nccl_cu13-2.28.9-py3-none-manylinux_2_18_x86_64.whl (196.5 MB)
#8 282.8      
ΓöüΓöüΓöüΓöüΓöüΓöüΓöüΓöüΓöüΓöüΓöüΓöüΓöüΓöüΓöüΓöüΓöüΓöüΓöüΓöüΓöüΓöüΓöüΓöüΓöüΓöüΓöüΓöüΓöüΓöüΓöüΓöüΓöüΓöüΓöüΓöüΓöüΓöüΓöü 
196.5/196.5 MB 4.3 MB/s eta 0:00:00
#8 283.3 Collecting networkx>=2.5.1
#8 283.4   Downloading networkx-3.4.2-py3-none-any.whl (1.7 MB)
#8 283.6      ΓöüΓöüΓöüΓöüΓöüΓöüΓöüΓöüΓöüΓöüΓöüΓöüΓöüΓöüΓöüΓöüΓöüΓöüΓöüΓöüΓöüΓöüΓöüΓöüΓöüΓöüΓöüΓöüΓöüΓöüΓöüΓöüΓöüΓöüΓöü
ΓöüΓöüΓöüΓöüΓöü 1.7/1.7 MB 6.8 MB/s eta 0:00:00
#8 283.7 Collecting nvidia-cusparselt-cu13==0.8.0
#8 283.7   Downloading nvidia_cusparselt_cu13-0.8.0-py3-none-manylinux2014_x86_64.whl (169.9 MB)
#8 306.4      
ΓöüΓöüΓöüΓöüΓöüΓöüΓöüΓöüΓöüΓöüΓöüΓöüΓöüΓöüΓöüΓöüΓöüΓöüΓöüΓöüΓöüΓöüΓöüΓöüΓöüΓöüΓöüΓöüΓöüΓöüΓöüΓöüΓöüΓöüΓöüΓöüΓöüΓöüΓöü 
169.9/169.9 MB 4.4 MB/s eta 0:00:00
#8 306.8 Collecting nvidia-nvshmem-cu13==3.4.5
#8 306.9   Downloading nvidia_nvshmem_cu13-3.4.5-py3-none-manylinux2014_x86_64.manylinux_2_17_x86_64.whl (60.4 MB)
#8 314.9      ΓöüΓöüΓöüΓöüΓöüΓöüΓöüΓöüΓöüΓöüΓöüΓöüΓöüΓöüΓöüΓöüΓöüΓöüΓöüΓöüΓöüΓöüΓöüΓöüΓöüΓöüΓöüΓöüΓöüΓöüΓöüΓöüΓöüΓöüΓöü
ΓöüΓöüΓöüΓöüΓöü 60.4/60.4 MB 7.0 MB/s eta 0:00:00
#8 315.2 Collecting 
cuda-toolkit[cublas,cudart,cufft,cufile,cupti,curand,cusolver,cusparse,nvjitlink,nvrtc,nvtx]==13.0.2
#8 315.2   Downloading cuda_toolkit-13.0.2-py2.py3-none-any.whl (2.4 kB)
#8 315.3 Collecting filelock
#8 315.4   Downloading filelock-3.25.2-py3-none-any.whl (26 kB)
#8 315.8 Collecting nvidia-cufile==1.15.1.6.*
#8 315.9   Downloading nvidia_cufile-1.15.1.6-py3-none-manylinux2014_x86_64.manylinux_2_17_x86_64.whl (1.2 MB)
#8 316.1      ΓöüΓöüΓöüΓöüΓöüΓöüΓöüΓöüΓöüΓöüΓöüΓöüΓöüΓöüΓöüΓöüΓöüΓöüΓöüΓöüΓöüΓöüΓöüΓöüΓöüΓöüΓöüΓöüΓöüΓöüΓöüΓöüΓöüΓöüΓöü
ΓöüΓöüΓöüΓöüΓöü 1.2/1.2 MB 6.1 MB/s eta 0:00:00
#8 316.1 Collecting nvidia-cuda-cupti==13.0.85.*
#8 316.2   Downloading nvidia_cuda_cupti-13.0.85-py3-none-manylinux_2_25_x86_64.whl (10.7 MB)
#8 317.5      ΓöüΓöüΓöüΓöüΓöüΓöüΓöüΓöüΓöüΓöüΓöüΓöüΓöüΓöüΓöüΓöüΓöüΓöüΓöüΓöüΓöüΓöüΓöüΓöüΓöüΓöüΓöüΓöüΓöüΓöüΓöüΓöüΓöüΓöüΓöü
ΓöüΓöüΓöüΓöüΓöü 10.7/10.7 MB 8.5 MB/s eta 0:00:00
#8 317.6 Collecting nvidia-nvjitlink==13.0.88.*
#8 317.6   Downloading nvidia_nvjitlink-13.0.88-py3-none-manylinux2010_x86_64.manylinux_2_12_x86_64.whl (40.7 MB)
#8 322.9      ΓöüΓöüΓöüΓöüΓöüΓöüΓöüΓöüΓöüΓöüΓöüΓöüΓöüΓöüΓöüΓöüΓöüΓöüΓöüΓöüΓöüΓöüΓöüΓöüΓöüΓöüΓöüΓöüΓöüΓöüΓöüΓöüΓöüΓöüΓöü
ΓöüΓöüΓöüΓöüΓöü 40.7/40.7 MB 7.3 MB/s eta 0:00:00
#8 323.0 Collecting nvidia-nvtx==13.0.85.*
#8 323.1   Downloading nvidia_nvtx-13.0.85-py3-none-manylinux1_x86_64.manylinux_2_5_x86_64.whl (148 kB)
#8 323.1      
ΓöüΓöüΓöüΓöüΓöüΓöüΓöüΓöüΓöüΓöüΓöüΓöüΓöüΓöüΓöüΓöüΓöüΓöüΓöüΓöüΓöüΓöüΓöüΓöüΓöüΓöüΓöüΓöüΓöüΓöüΓöüΓöüΓöüΓöüΓöüΓöüΓöüΓöüΓöü 
148.0/148.0 kB 3.6 MB/s eta 0:00:00
#8 323.2 Collecting nvidia-cufft==12.0.0.61.*
#8 323.2   Downloading nvidia_cufft-12.0.0.61-py3-none-manylinux2014_x86_64.manylinux_2_17_x86_64.whl (214.1 MB)
#8 352.0      
ΓöüΓöüΓöüΓöüΓöüΓöüΓöüΓöüΓöüΓöüΓöüΓöüΓöüΓöüΓöüΓöüΓöüΓöüΓöüΓöüΓöüΓöüΓöüΓöüΓöüΓöüΓöüΓöüΓöüΓöüΓöüΓöüΓöüΓöüΓöüΓöüΓöüΓöüΓöü 
214.1/214.1 MB 4.1 MB/s eta 0:00:00
#8 352.5 Collecting nvidia-cusparse==12.6.3.3.*
#8 352.5   Downloading nvidia_cusparse-12.6.3.3-py3-none-manylinux2014_x86_64.manylinux_2_17_x86_64.whl (145.9 MB)
#8 375.9      
ΓöüΓöüΓöüΓöüΓöüΓöüΓöüΓöüΓöüΓöüΓöüΓöüΓöüΓöüΓöüΓöüΓöüΓöüΓöüΓöüΓöüΓöüΓöüΓöüΓöüΓöüΓöüΓöüΓöüΓöüΓöüΓöüΓöüΓöüΓöüΓöüΓöüΓöüΓöü 
145.9/145.9 MB 5.0 MB/s eta 0:00:00
#8 376.3 Collecting nvidia-cusolver==12.0.4.66.*
#8 376.3   Downloading nvidia_cusolver-12.0.4.66-py3-none-manylinux_2_27_x86_64.whl (200.9 MB)
#8 403.5      
ΓöüΓöüΓöüΓöüΓöüΓöüΓöüΓöüΓöüΓöüΓöüΓöüΓöüΓöüΓöüΓöüΓöüΓöüΓöüΓöüΓöüΓöüΓöüΓöüΓöüΓöüΓöüΓöüΓöüΓöüΓöüΓöüΓöüΓöüΓöüΓöüΓöüΓöüΓöü 
200.9/200.9 MB 5.3 MB/s eta 0:00:00
#8 404.0 Collecting nvidia-cuda-nvrtc==13.0.88.*
#8 404.1   Downloading nvidia_cuda_nvrtc-13.0.88-py3-none-manylinux2010_x86_64.manylinux_2_12_x86_64.whl (90.2 MB)
#8 416.4      ΓöüΓöüΓöüΓöüΓöüΓöüΓöüΓöüΓöüΓöüΓöüΓöüΓöüΓöüΓöüΓöüΓöüΓöüΓöüΓöüΓöüΓöüΓöüΓöüΓöüΓöüΓöüΓöüΓöüΓöüΓöüΓöüΓöüΓöüΓöü
ΓöüΓöüΓöüΓöüΓöü 90.2/90.2 MB 5.2 MB/s eta 0:00:00
#8 416.6 Collecting nvidia-cuda-runtime==13.0.96.*
#8 416.6   Downloading nvidia_cuda_runtime-13.0.96-py3-none-manylinux2014_x86_64.manylinux_2_17_x86_64.whl (2.2 MB)
#8 417.0      ΓöüΓöüΓöüΓöüΓöüΓöüΓöüΓöüΓöüΓöüΓöüΓöüΓöüΓöüΓöüΓöüΓöüΓöüΓöüΓöüΓöüΓöüΓöüΓöüΓöüΓöüΓöüΓöüΓöüΓöüΓöüΓöüΓöüΓöüΓöü
ΓöüΓöüΓöüΓöüΓöü 2.2/2.2 MB 5.8 MB/s eta 0:00:00
#8 417.1 Collecting nvidia-cublas==13.1.0.3.*
#8 417.1   Downloading nvidia_cublas-13.1.0.3-py3-none-manylinux_2_27_x86_64.whl (423.1 MB)
#8 463.8      
ΓöüΓöüΓöüΓöüΓöüΓöüΓöüΓöüΓöüΓöüΓöüΓöüΓöüΓöüΓöüΓöüΓöüΓöüΓöüΓöüΓöüΓöüΓöüΓöüΓöüΓöüΓöüΓöüΓöüΓöüΓöüΓöüΓöüΓöüΓöüΓöüΓöüΓöüΓöü 
423.1/423.1 MB 1.5 MB/s eta 0:00:00
#8 467.1 Collecting nvidia-curand==10.4.0.35.*
#8 467.2   Downloading nvidia_curand-10.4.0.35-py3-none-manylinux_2_27_x86_64.whl (59.5 MB)
#8 474.2      ΓöüΓöüΓöüΓöüΓöüΓöüΓöüΓöüΓöüΓöüΓöüΓöüΓöüΓöüΓöüΓöüΓöüΓöüΓöüΓöüΓöüΓöüΓöüΓöüΓöüΓöüΓöüΓöüΓöüΓöüΓöüΓöüΓöüΓöüΓöü
ΓöüΓöüΓöüΓöüΓöü 59.5/59.5 MB 7.4 MB/s eta 0:00:00
#8 474.5 Collecting cycler>=0.10
#8 474.5   Downloading cycler-0.12.1-py3-none-any.whl (8.3 kB)
#8 475.0 Collecting contourpy>=1.0.1
#8 475.0   Downloading contourpy-1.3.2-cp310-cp310-manylinux_2_17_x86_64.manylinux2014_x86_64.whl (325 kB)
#8 475.1      
ΓöüΓöüΓöüΓöüΓöüΓöüΓöüΓöüΓöüΓöüΓöüΓöüΓöüΓöüΓöüΓöüΓöüΓöüΓöüΓöüΓöüΓöüΓöüΓöüΓöüΓöüΓöüΓöüΓöüΓöüΓöüΓöüΓöüΓöüΓöüΓöüΓöüΓöüΓöü 
325.0/325.0 kB 5.4 MB/s eta 0:00:00
#8 475.2 Collecting pyparsing>=3
#8 475.3   Downloading pyparsing-3.3.2-py3-none-any.whl (122 kB)
#8 475.9      
ΓöüΓöüΓöüΓöüΓöüΓöüΓöüΓöüΓöüΓöüΓöüΓöüΓöüΓöüΓöüΓöüΓöüΓöüΓöüΓöüΓöüΓöüΓöüΓöüΓöüΓöüΓöüΓöüΓöüΓöüΓöüΓöüΓöüΓöüΓöüΓöüΓöü 
122.8/122.8 kB 183.9 kB/s eta 0:00:00
#8 476.2 Collecting kiwisolver>=1.3.1
#8 476.2   Downloading kiwisolver-1.5.0-cp310-cp310-manylinux_2_12_x86_64.manylinux2010_x86_64.whl (1.6 MB)
#8 476.4      ΓöüΓöüΓöüΓöüΓöüΓöüΓöüΓöüΓöüΓöüΓöüΓöüΓöüΓöüΓöüΓöüΓöüΓöüΓöüΓöüΓöüΓöüΓöüΓöüΓöüΓöüΓöüΓöüΓöüΓöüΓöüΓöüΓöüΓöüΓöü
ΓöüΓöüΓöüΓöüΓöü 1.6/1.6 MB 9.8 MB/s eta 0:00:00
#8 477.3 Collecting fonttools>=4.22.0
#8 477.3   Downloading fonttools-4.62.1-cp310-cp310-manylinux2014_x86_64.manylinux_2_17_x86_64.whl (4.9 MB)
#8 477.8      ΓöüΓöüΓöüΓöüΓöüΓöüΓöüΓöüΓöüΓöüΓöüΓöüΓöüΓöüΓöüΓöüΓöüΓöüΓöüΓöüΓöüΓöüΓöüΓöüΓöüΓöüΓöüΓöüΓöüΓöüΓöüΓöüΓöüΓöüΓöü
ΓöüΓöüΓöüΓöüΓöü 4.9/4.9 MB 9.9 MB/s eta 0:00:00
#8 478.0 Collecting python-dateutil>=2.7
#8 478.0   Downloading python_dateutil-2.9.0.post0-py2.py3-none-any.whl (229 kB)
#8 478.3      
ΓöüΓöüΓöüΓöüΓöüΓöüΓöüΓöüΓöüΓöüΓöüΓöüΓöüΓöüΓöüΓöüΓöüΓöüΓöüΓöüΓöüΓöüΓöüΓöüΓöüΓöüΓöüΓöüΓöüΓöüΓöüΓöüΓöüΓöüΓöüΓöüΓöü 
229.9/229.9 kB 717.6 kB/s eta 0:00:00
#8 478.6 Collecting tzdata>=2022.7
#8 478.6   Downloading tzdata-2026.1-py2.py3-none-any.whl (348 kB)
#8 478.7      
ΓöüΓöüΓöüΓöüΓöüΓöüΓöüΓöüΓöüΓöüΓöüΓöüΓöüΓöüΓöüΓöüΓöüΓöüΓöüΓöüΓöüΓöüΓöüΓöüΓöüΓöüΓöüΓöüΓöüΓöüΓöüΓöüΓöüΓöüΓöüΓöüΓöüΓöüΓöü 
349.0/349.0 kB 7.8 MB/s eta 0:00:00
#8 478.8 Collecting pytz>=2020.1
#8 478.9   Downloading pytz-2026.1.post1-py2.py3-none-any.whl (510 kB)
#8 479.5      
ΓöüΓöüΓöüΓöüΓöüΓöüΓöüΓöüΓöüΓöüΓöüΓöüΓöüΓöüΓöüΓöüΓöüΓöüΓöüΓöüΓöüΓöüΓöüΓöüΓöüΓöüΓöüΓöüΓöüΓöüΓöüΓöüΓöüΓöüΓöüΓöüΓöü 
510.5/510.5 kB 788.4 kB/s eta 0:00:00
#8 479.7 Collecting markdown-it-py>=2.2.0
#8 479.7   Downloading markdown_it_py-4.0.0-py3-none-any.whl (87 kB)
#8 479.7      ΓöüΓöüΓöüΓöüΓöüΓöüΓöüΓöüΓöüΓöüΓöüΓöüΓöüΓöüΓöüΓöüΓöüΓöüΓöüΓöüΓöüΓöüΓöüΓöüΓöüΓöüΓöüΓöüΓöüΓöüΓöüΓöüΓöüΓöüΓöü
ΓöüΓöüΓöüΓöüΓöü 87.3/87.3 kB 3.2 MB/s eta 0:00:00
#8 479.8 Collecting pygments<3.0.0,>=2.13.0
#8 479.9   Downloading pygments-2.20.0-py3-none-any.whl (1.2 MB)
#8 480.0      ΓöüΓöüΓöüΓöüΓöüΓöüΓöüΓöüΓöüΓöüΓöüΓöüΓöüΓöüΓöüΓöüΓöüΓöüΓöüΓöüΓöüΓöüΓöüΓöüΓöüΓöüΓöüΓöüΓöüΓöüΓöüΓöüΓöüΓöüΓöü
ΓöüΓöüΓöüΓöüΓöü 1.2/1.2 MB 8.2 MB/s eta 0:00:00
#8 480.2 Collecting exceptiongroup>=1.0.2
#8 480.2   Downloading exceptiongroup-1.3.1-py3-none-any.whl (16 kB)
#8 480.4 Collecting cuda-pathfinder~=1.1
#8 480.4   Downloading cuda_pathfinder-1.5.2-py3-none-any.whl (49 kB)
#8 480.4      ΓöüΓöüΓöüΓöüΓöüΓöüΓöüΓöüΓöüΓöüΓöüΓöüΓöüΓöüΓöüΓöüΓöüΓöüΓöüΓöüΓöüΓöüΓöüΓöüΓöüΓöüΓöüΓöüΓöüΓöüΓöüΓöüΓöüΓöüΓöü
ΓöüΓöüΓöüΓöüΓöü 50.0/50.0 kB 3.0 MB/s eta 0:00:00
#8 480.9 Collecting mdurl~=0.1
#8 480.9   Downloading mdurl-0.1.2-py3-none-any.whl (10.0 kB)
#8 481.2 Collecting six>=1.5
#8 481.2   Downloading six-1.17.0-py2.py3-none-any.whl (11 kB)
#8 481.3 Collecting mpmath<1.4,>=1.1.0
#8 481.3   Downloading mpmath-1.3.0-py3-none-any.whl (536 kB)
#8 481.4      
ΓöüΓöüΓöüΓöüΓöüΓöüΓöüΓöüΓöüΓöüΓöüΓöüΓöüΓöüΓöüΓöüΓöüΓöüΓöüΓöüΓöüΓöüΓöüΓöüΓöüΓöüΓöüΓöüΓöüΓöüΓöüΓöüΓöüΓöüΓöüΓöüΓöüΓöüΓöü 
536.2/536.2 kB 7.6 MB/s eta 0:00:00
#8 481.7 Collecting markupsafe>=2.1.1
#8 481.7   Downloading 
markupsafe-3.0.3-cp310-cp310-manylinux2014_x86_64.manylinux_2_17_x86_64.manylinux_2_28_x86_64.whl (20 kB)
#8 483.9 Installing collected packages: pytz, nvidia-cusparselt-cu13, mpmath, farama-notifications, cuda-toolkit, 
urllib3, tzdata, typing-extensions, triton, tqdm, tensorboard-data-server, sympy, six, pyparsing, pygments, pygame-ce, 
psutil, protobuf, pillow, packaging, nvidia-nvtx, nvidia-nvshmem-cu13, nvidia-nvjitlink, nvidia-nccl-cu13, 
nvidia-curand, nvidia-cufile, nvidia-cuda-runtime, nvidia-cuda-nvrtc, nvidia-cuda-cupti, nvidia-cublas, numpy, 
networkx, mdurl, markupsafe, markdown, kiwisolver, idna, h11, fsspec, fonttools, filelock, cycler, cuda-pathfinder, 
cloudpickle, click, charset_normalizer, certifi, annotated-types, annotated-doc, absl-py, werkzeug, uvicorn, 
typing-inspection, requests, python-dateutil, pydantic-core, opencv-python, nvidia-cusparse, nvidia-cufft, 
nvidia-cudnn-cu13, markdown-it-py, jinja2, gymnasium, grpcio, exceptiongroup, cuda-bindings, contourpy, ale-py, 
tensorboard, rich, pydantic, pandas, nvidia-cusolver, matplotlib, anyio, starlette, torch, fastapi, stable-baselines3
#8 628.0 Successfully installed absl-py-2.4.0 ale-py-0.11.2 annotated-doc-0.0.4 annotated-types-0.7.0 anyio-4.13.0 
certifi-2026.2.25 charset_normalizer-3.4.7 click-8.3.2 cloudpickle-3.1.2 contourpy-1.3.2 cuda-bindings-13.2.0 
cuda-pathfinder-1.5.2 cuda-toolkit-13.0.2 cycler-0.12.1 exceptiongroup-1.3.1 farama-notifications-0.0.4 
fastapi-0.135.3 filelock-3.25.2 fonttools-4.62.1 fsspec-2026.3.0 grpcio-1.80.0 gymnasium-1.2.3 h11-0.16.0 idna-3.11 
jinja2-3.1.6 kiwisolver-1.5.0 markdown-3.10.2 markdown-it-py-4.0.0 markupsafe-3.0.3 matplotlib-3.10.8 mdurl-0.1.2 
mpmath-1.3.0 networkx-3.4.2 numpy-2.2.6 nvidia-cublas-13.1.0.3 nvidia-cuda-cupti-13.0.85 nvidia-cuda-nvrtc-13.0.88 
nvidia-cuda-runtime-13.0.96 nvidia-cudnn-cu13-9.19.0.56 nvidia-cufft-12.0.0.61 nvidia-cufile-1.15.1.6 
nvidia-curand-10.4.0.35 nvidia-cusolver-12.0.4.66 nvidia-cusparse-12.6.3.3 nvidia-cusparselt-cu13-0.8.0 
nvidia-nccl-cu13-2.28.9 nvidia-nvjitlink-13.0.88 nvidia-nvshmem-cu13-3.4.5 nvidia-nvtx-13.0.85 opencv-python-4.13.0.92 
packaging-26.0 pandas-2.3.3 pillow-12.2.0 protobuf-7.34.1 psutil-7.2.2 pydantic-2.12.5 pydantic-core-2.41.5 
pygame-ce-2.5.7 pygments-2.20.0 pyparsing-3.3.2 python-dateutil-2.9.0.post0 pytz-2026.1.post1 requests-2.33.1 
rich-14.3.3 six-1.17.0 stable-baselines3-2.8.0 starlette-1.0.0 sympy-1.14.0 tensorboard-2.20.0 
tensorboard-data-server-0.7.2 torch-2.11.0 tqdm-4.67.3 triton-3.6.0 typing-extensions-4.15.0 typing-inspection-0.4.2 
tzdata-2026.1 urllib3-2.6.3 uvicorn-0.44.0 werkzeug-3.1.8
#8 628.0 WARNING: Running pip as the 'root' user can result in broken permissions and conflicting behaviour with the 
system package manager. It is recommended to use a virtual environment instead: https://pip.pypa.io/warnings/venv
#8 628.3 
#8 628.3 [notice] A new release of pip is available: 23.0.1 -> 26.0.1
#8 628.3 [notice] To update, run: pip install --upgrade pip
#8 DONE 630.0s

#9 exporting to image
#9 exporting layers
